###############################################################################
#
# IAR ELF Linker V7.80.3.12102/W32 for ARM                12/Jun/2022  16:46:17
# Copyright 2007-2016 IAR Systems AB.
#
#    Output file  =  
#        C:\Users\PanJun-Kim\Documents\CubeMX\bluset3\EWARM\bluset\Exe\bluset.out
#    Map file     =  
#        C:\Users\PanJun-Kim\Documents\CubeMX\bluset3\EWARM\bluset\List\bluset.map
#    Command line =  
#        C:\Users\PanJun-Kim\Documents\CubeMX\bluset3\EWARM\bluset\Obj\bluetooth.o
#        C:\Users\PanJun-Kim\Documents\CubeMX\bluset3\EWARM\bluset\Obj\main.o
#        C:\Users\PanJun-Kim\Documents\CubeMX\bluset3\EWARM\bluset\Obj\startup_stm32f429xx.o
#        C:\Users\PanJun-Kim\Documents\CubeMX\bluset3\EWARM\bluset\Obj\stm32f4xx_hal.o
#        C:\Users\PanJun-Kim\Documents\CubeMX\bluset3\EWARM\bluset\Obj\stm32f4xx_hal_cortex.o
#        C:\Users\PanJun-Kim\Documents\CubeMX\bluset3\EWARM\bluset\Obj\stm32f4xx_hal_dma.o
#        C:\Users\PanJun-Kim\Documents\CubeMX\bluset3\EWARM\bluset\Obj\stm32f4xx_hal_dma_ex.o
#        C:\Users\PanJun-Kim\Documents\CubeMX\bluset3\EWARM\bluset\Obj\stm32f4xx_hal_eth.o
#        C:\Users\PanJun-Kim\Documents\CubeMX\bluset3\EWARM\bluset\Obj\stm32f4xx_hal_flash.o
#        C:\Users\PanJun-Kim\Documents\CubeMX\bluset3\EWARM\bluset\Obj\stm32f4xx_hal_flash_ex.o
#        C:\Users\PanJun-Kim\Documents\CubeMX\bluset3\EWARM\bluset\Obj\stm32f4xx_hal_flash_ramfunc.o
#        C:\Users\PanJun-Kim\Documents\CubeMX\bluset3\EWARM\bluset\Obj\stm32f4xx_hal_gpio.o
#        C:\Users\PanJun-Kim\Documents\CubeMX\bluset3\EWARM\bluset\Obj\stm32f4xx_hal_msp.o
#        C:\Users\PanJun-Kim\Documents\CubeMX\bluset3\EWARM\bluset\Obj\stm32f4xx_hal_pcd.o
#        C:\Users\PanJun-Kim\Documents\CubeMX\bluset3\EWARM\bluset\Obj\stm32f4xx_hal_pcd_ex.o
#        C:\Users\PanJun-Kim\Documents\CubeMX\bluset3\EWARM\bluset\Obj\stm32f4xx_hal_pwr.o
#        C:\Users\PanJun-Kim\Documents\CubeMX\bluset3\EWARM\bluset\Obj\stm32f4xx_hal_pwr_ex.o
#        C:\Users\PanJun-Kim\Documents\CubeMX\bluset3\EWARM\bluset\Obj\stm32f4xx_hal_rcc.o
#        C:\Users\PanJun-Kim\Documents\CubeMX\bluset3\EWARM\bluset\Obj\stm32f4xx_hal_rcc_ex.o
#        C:\Users\PanJun-Kim\Documents\CubeMX\bluset3\EWARM\bluset\Obj\stm32f4xx_hal_tim.o
#        C:\Users\PanJun-Kim\Documents\CubeMX\bluset3\EWARM\bluset\Obj\stm32f4xx_hal_tim_ex.o
#        C:\Users\PanJun-Kim\Documents\CubeMX\bluset3\EWARM\bluset\Obj\stm32f4xx_hal_uart.o
#        C:\Users\PanJun-Kim\Documents\CubeMX\bluset3\EWARM\bluset\Obj\stm32f4xx_it.o
#        C:\Users\PanJun-Kim\Documents\CubeMX\bluset3\EWARM\bluset\Obj\stm32f4xx_ll_usb.o
#        C:\Users\PanJun-Kim\Documents\CubeMX\bluset3\EWARM\bluset\Obj\system_stm32f4xx.o
#        --redirect _Printf=_PrintfFull --redirect _Scanf=_ScanfFull -o
#        C:\Users\PanJun-Kim\Documents\CubeMX\bluset3\EWARM\bluset\Exe\bluset.out
#        --map
#        C:\Users\PanJun-Kim\Documents\CubeMX\bluset3\EWARM\bluset\List\bluset.map
#        --config
#        C:\Users\PanJun-Kim\Documents\CubeMX\bluset3\EWARM/stm32f429xx_flash.icf
#        --semihosting --entry __iar_program_start --vfe
#
###############################################################################

*******************************************************************************
*** RUNTIME MODEL ATTRIBUTES
***

CppFlavor       = *
__SystemLibrary = DLib


*******************************************************************************
*** PLACEMENT SUMMARY
***

"A0":  place at 0x08000000 { ro section .intvec };
"P1":  place in [from 0x08000000 to 0x081fffff] { ro };
"P2":  place in [from 0x20000000 to 0x2002ffff] { rw, block CSTACK, block HEAP };
initialize by copy { rw };

  Section            Kind        Address    Size  Object
  -------            ----        -------    ----  ------
"A0":                                      0x1ac
  .intvec            ro code  0x08000000   0x1ac  startup_stm32f429xx.o [1]
                            - 0x080001ac   0x1ac

"P1":                                     0x1ee4
  .text              ro code  0x080001ac   0x562  stm32f4xx_hal_uart.o [1]
  .text              ro code  0x08000710   0x28c  stm32f4xx_hal_msp.o [1]
  .text              ro code  0x0800099c     0xc  stm32f4xx_hal.o [1]
  .text              ro code  0x080009a8    0x24  stm32f4xx_hal_dma.o [1]
  .text              ro code  0x080009cc     0x2  stm32f4xx_hal_uart.o [1]
  .text              ro code  0x080009ce     0x2  stm32f4xx_hal_uart.o [1]
  .text              ro code  0x080009d0   0x374  main.o [1]
  .text              ro code  0x08000d44   0x1a0  stm32f4xx_hal_rcc.o [1]
  .text              ro code  0x08000ee4   0x1f4  stm32f4xx_hal_gpio.o [1]
  .text              ro code  0x080010d8    0xc4  stm32f4xx_hal_cortex.o [1]
  .text              ro code  0x0800119c     0x6  ABImemclr4.o [5]
  .text              ro code  0x080011a4    0x34  stm32f4xx_hal.o [1]
  .text              ro code  0x080011d8   0x3c4  stm32f4xx_hal_eth.o [1]
  .text              ro code  0x0800159c    0xb0  stm32f4xx_hal_pcd.o [1]
  .text              ro code  0x0800164c   0x2bc  stm32f4xx_hal_rcc.o [1]
  .text              ro code  0x08001908    0x40  stm32f4xx_hal.o [1]
  .text              ro code  0x08001948    0xee  I64DivMod.o [5]
  .text              ro code  0x08001a38    0x32  ABImemset48.o [5]
  .text              ro code  0x08001a6c    0x28  stm32f4xx_hal.o [1]
  .text              ro code  0x08001a94   0x254  stm32f4xx_ll_usb.o [1]
  .text              ro code  0x08001ce8    0x56  ABImemcpy_unaligned.o [5]
  .text              ro code  0x08001d40     0x2  I64DivZer.o [5]
  .text              ro code  0x08001d44    0x60  system_stm32f4xx.o [1]
  .text              ro code  0x08001da4    0x40  zero_init3.o [5]
  .text              ro code  0x08001de4    0x2c  copy_init3.o [5]
  .text              ro code  0x08001e10    0x28  stm32f4xx_it.o [1]
  .text              ro code  0x08001e38    0x10  stm32f4xx_hal.o [1]
  .text              ro code  0x08001e48    0x28  data_init.o [5]
  .text              ro code  0x08001e70    0x22  fpinit_M.o [4]
  .iar.init_table    const    0x08001e94    0x24  - Linker created -
  .text              ro code  0x08001eb8    0x1a  cmain.o [5]
  .text              ro code  0x08001ed2     0x4  low_level_init.o [3]
  .text              ro code  0x08001ed6     0x4  exit.o [3]
  .text              ro code  0x08001edc     0xa  cexit.o [5]
  .text              ro code  0x08001ee8    0x14  exit.o [6]
  .text              ro code  0x08001efc    0x10  startup_stm32f429xx.o [1]
  Initializer bytes  const    0x08001f0c    0x10  <for P2-1>
  .text              ro code  0x08001f1c     0xc  cstartup_M.o [5]
  .rodata            const    0x08001f28     0x8  system_stm32f4xx.o [1]
  .text              ro code  0x08001f30     0x4  startup_stm32f429xx.o [1]
  .text              ro code  0x08001f34     0x4  startup_stm32f429xx.o [1]
  .text              ro code  0x08001f38     0x4  startup_stm32f429xx.o [1]
  .text              ro code  0x08001f3c     0x4  startup_stm32f429xx.o [1]
  .text              ro code  0x08001f40     0x4  startup_stm32f429xx.o [1]
  .text              ro code  0x08001f44     0x4  startup_stm32f429xx.o [1]
  .text              ro code  0x08001f48     0x4  startup_stm32f429xx.o [1]
  .text              ro code  0x08001f4c     0x4  startup_stm32f429xx.o [1]
  .text              ro code  0x08001f50     0x4  startup_stm32f429xx.o [1]
  .text              ro code  0x08001f54     0x4  startup_stm32f429xx.o [1]
  .text              ro code  0x08001f58     0x4  startup_stm32f429xx.o [1]
  .text              ro code  0x08001f5c     0x4  startup_stm32f429xx.o [1]
  .text              ro code  0x08001f60     0x4  startup_stm32f429xx.o [1]
  .text              ro code  0x08001f64     0x4  startup_stm32f429xx.o [1]
  .text              ro code  0x08001f68     0x4  startup_stm32f429xx.o [1]
  .text              ro code  0x08001f6c     0x4  startup_stm32f429xx.o [1]
  .text              ro code  0x08001f70     0x4  startup_stm32f429xx.o [1]
  .text              ro code  0x08001f74     0x4  startup_stm32f429xx.o [1]
  .text              ro code  0x08001f78     0x4  startup_stm32f429xx.o [1]
  .text              ro code  0x08001f7c     0x4  startup_stm32f429xx.o [1]
  .text              ro code  0x08001f80     0x4  startup_stm32f429xx.o [1]
  .text              ro code  0x08001f84     0x4  startup_stm32f429xx.o [1]
  .text              ro code  0x08001f88     0x4  startup_stm32f429xx.o [1]
  .text              ro code  0x08001f8c     0x4  startup_stm32f429xx.o [1]
  .text              ro code  0x08001f90     0x4  startup_stm32f429xx.o [1]
  .text              ro code  0x08001f94     0x4  startup_stm32f429xx.o [1]
  .text              ro code  0x08001f98     0x4  startup_stm32f429xx.o [1]
  .text              ro code  0x08001f9c     0x4  startup_stm32f429xx.o [1]
  .text              ro code  0x08001fa0     0x4  startup_stm32f429xx.o [1]
  .text              ro code  0x08001fa4     0x4  startup_stm32f429xx.o [1]
  .text              ro code  0x08001fa8     0x4  startup_stm32f429xx.o [1]
  .text              ro code  0x08001fac     0x4  startup_stm32f429xx.o [1]
  .text              ro code  0x08001fb0     0x4  startup_stm32f429xx.o [1]
  .text              ro code  0x08001fb4     0x4  startup_stm32f429xx.o [1]
  .text              ro code  0x08001fb8     0x4  startup_stm32f429xx.o [1]
  .text              ro code  0x08001fbc     0x4  startup_stm32f429xx.o [1]
  .text              ro code  0x08001fc0     0x4  startup_stm32f429xx.o [1]
  .text              ro code  0x08001fc4     0x4  startup_stm32f429xx.o [1]
  .text              ro code  0x08001fc8     0x4  startup_stm32f429xx.o [1]
  .text              ro code  0x08001fcc     0x4  startup_stm32f429xx.o [1]
  .text              ro code  0x08001fd0     0x4  startup_stm32f429xx.o [1]
  .text              ro code  0x08001fd4     0x4  startup_stm32f429xx.o [1]
  .text              ro code  0x08001fd8     0x4  startup_stm32f429xx.o [1]
  .text              ro code  0x08001fdc     0x4  startup_stm32f429xx.o [1]
  .text              ro code  0x08001fe0     0x4  startup_stm32f429xx.o [1]
  .text              ro code  0x08001fe4     0x4  startup_stm32f429xx.o [1]
  .text              ro code  0x08001fe8     0x4  startup_stm32f429xx.o [1]
  .text              ro code  0x08001fec     0x4  startup_stm32f429xx.o [1]
  .text              ro code  0x08001ff0     0x4  startup_stm32f429xx.o [1]
  .text              ro code  0x08001ff4     0x4  startup_stm32f429xx.o [1]
  .text              ro code  0x08001ff8     0x4  startup_stm32f429xx.o [1]
  .text              ro code  0x08001ffc     0x4  startup_stm32f429xx.o [1]
  .text              ro code  0x08002000     0x4  startup_stm32f429xx.o [1]
  .text              ro code  0x08002004     0x4  startup_stm32f429xx.o [1]
  .text              ro code  0x08002008     0x4  startup_stm32f429xx.o [1]
  .text              ro code  0x0800200c     0x4  startup_stm32f429xx.o [1]
  .text              ro code  0x08002010     0x4  startup_stm32f429xx.o [1]
  .text              ro code  0x08002014     0x4  startup_stm32f429xx.o [1]
  .text              ro code  0x08002018     0x4  startup_stm32f429xx.o [1]
  .text              ro code  0x0800201c     0x4  startup_stm32f429xx.o [1]
  .text              ro code  0x08002020     0x4  startup_stm32f429xx.o [1]
  .text              ro code  0x08002024     0x4  startup_stm32f429xx.o [1]
  .text              ro code  0x08002028     0x4  startup_stm32f429xx.o [1]
  .text              ro code  0x0800202c     0x4  startup_stm32f429xx.o [1]
  .text              ro code  0x08002030     0x4  startup_stm32f429xx.o [1]
  .text              ro code  0x08002034     0x4  startup_stm32f429xx.o [1]
  .text              ro code  0x08002038     0x4  startup_stm32f429xx.o [1]
  .text              ro code  0x0800203c     0x4  startup_stm32f429xx.o [1]
  .text              ro code  0x08002040     0x4  startup_stm32f429xx.o [1]
  .text              ro code  0x08002044     0x4  startup_stm32f429xx.o [1]
  .text              ro code  0x08002048     0x4  startup_stm32f429xx.o [1]
  .text              ro code  0x0800204c     0x4  startup_stm32f429xx.o [1]
  .text              ro code  0x08002050     0x4  startup_stm32f429xx.o [1]
  .text              ro code  0x08002054     0x4  startup_stm32f429xx.o [1]
  .text              ro code  0x08002058     0x4  startup_stm32f429xx.o [1]
  .text              ro code  0x0800205c     0x4  startup_stm32f429xx.o [1]
  .text              ro code  0x08002060     0x4  startup_stm32f429xx.o [1]
  .text              ro code  0x08002064     0x4  startup_stm32f429xx.o [1]
  .text              ro code  0x08002068     0x4  startup_stm32f429xx.o [1]
  .text              ro code  0x0800206c     0x4  startup_stm32f429xx.o [1]
  .text              ro code  0x08002070     0x4  startup_stm32f429xx.o [1]
  .text              ro code  0x08002074     0x4  startup_stm32f429xx.o [1]
  .text              ro code  0x08002078     0x4  startup_stm32f429xx.o [1]
  .text              ro code  0x0800207c     0x4  startup_stm32f429xx.o [1]
  .text              ro code  0x08002080     0x4  startup_stm32f429xx.o [1]
  .text              ro code  0x08002084     0x4  startup_stm32f429xx.o [1]
  .text              ro code  0x08002088     0x4  startup_stm32f429xx.o [1]
  .text              ro code  0x0800208c     0x4  startup_stm32f429xx.o [1]
  .rodata            const    0x08002090     0x0  zero_init3.o [5]
  .rodata            const    0x08002090     0x0  copy_init3.o [5]
                            - 0x08002090  0x1ee4

"P2", part 1 of 3:                          0x10
  P2-1                        0x20000000    0x10  <Init block>
    .data            inited   0x20000000     0xc  stm32f4xx_hal.o [1]
    .data            inited   0x2000000c     0x4  system_stm32f4xx.o [1]
                            - 0x20000010    0x10

"P2", part 2 of 3:                         0x400
  CSTACK                      0x20000010   0x400  <Block>
    CSTACK           uninit   0x20000010   0x400  <Block tail>
                            - 0x20000410   0x400

"P2", part 3 of 3:                         0x528
  .bss               zero     0x20000410   0x438  main.o [1]
  .bss               zero     0x20000848    0x85  main.o [1]
  .bss               zero     0x200008d0    0x65  main.o [1]
                            - 0x20000935   0x525


*******************************************************************************
*** INIT TABLE
***

          Address     Size
          -------     ----
Zero (__iar_zero_init3)
    1 destination range, total size 0x525:
          0x20000410  0x525

Copy (__iar_copy_init3)
    1 source range, total size 0x10:
          0x08001f0c   0x10
    1 destination range, total size 0x10:
          0x20000000   0x10



*******************************************************************************
*** MODULE SUMMARY
***

    Module                  ro code  ro data  rw data
    ------                  -------  -------  -------
C:\Users\PanJun-Kim\Documents\CubeMX\bluset3\EWARM\bluset\Obj: [1]
    main.o                      884             1 314
    startup_stm32f429xx.o       796
    stm32f4xx_hal.o             184       12       12
    stm32f4xx_hal_cortex.o      196
    stm32f4xx_hal_dma.o          36
    stm32f4xx_hal_eth.o         964
    stm32f4xx_hal_gpio.o        500
    stm32f4xx_hal_msp.o         652
    stm32f4xx_hal_pcd.o         176
    stm32f4xx_hal_rcc.o       1 116
    stm32f4xx_hal_uart.o      1 382
    stm32f4xx_it.o               40
    stm32f4xx_ll_usb.o          596
    system_stm32f4xx.o           96       12        4
    -------------------------------------------------
    Total:                    7 618       24    1 330

command line: [2]
    -------------------------------------------------
    Total:

dl7M_tlf.a: [3]
    exit.o                        4
    low_level_init.o              4
    -------------------------------------------------
    Total:                        8

m7M_tls.a: [4]
    fpinit_M.o                   34
    -------------------------------------------------
    Total:                       34

rt7M_tl.a: [5]
    ABImemclr4.o                  6
    ABImemcpy_unaligned.o        86
    ABImemset48.o                50
    I64DivMod.o                 238
    I64DivZer.o                   2
    cexit.o                      10
    cmain.o                      26
    copy_init3.o                 44
    cstartup_M.o                 12
    data_init.o                  40
    zero_init3.o                 64
    -------------------------------------------------
    Total:                      578

shb_l.a: [6]
    exit.o                       20
    -------------------------------------------------
    Total:                       20

    Gaps                         16        2        3
    Linker created                        36    1 024
-----------------------------------------------------
    Grand Total:              8 274       62    2 357


*******************************************************************************
*** ENTRY LIST
***

Entry                      Address   Size  Type      Object
-----                      -------   ----  ----      ------
.iar.init_table$$Base   0x08001e94          --   Gb  - Linker created -
.iar.init_table$$Limit  0x08001eb8          --   Gb  - Linker created -
?main                   0x08001eb9         Code  Gb  cmain.o [5]
AHBPrescTable           0x08001d94   0x10  Data  Gb  system_stm32f4xx.o [1]
APBPrescTable           0x08001f28    0x8  Data  Gb  system_stm32f4xx.o [1]
BusFault_Handler        0x08001e17    0x2  Code  Gb  stm32f4xx_it.o [1]
CSTACK$$Base            0x20000010          --   Gb  - Linker created -
CSTACK$$Limit           0x20000410          --   Gb  - Linker created -
DebugMon_Handler        0x08001e1d    0x2  Code  Gb  stm32f4xx_it.o [1]
ETH_MACDMAConfig        0x0800147b   0xea  Code  Lc  stm32f4xx_hal_eth.o [1]
HAL_DMA_Abort_IT        0x080009a9   0x24  Code  Gb  stm32f4xx_hal_dma.o [1]
HAL_Delay               0x08001a6d   0x28  Code  Wk  stm32f4xx_hal.o [1]
HAL_ETH_Init            0x080011d9  0x19e  Code  Gb  stm32f4xx_hal_eth.o [1]
HAL_ETH_MspInit         0x08000745   0xbe  Code  Gb  stm32f4xx_hal_msp.o [1]
HAL_ETH_ReadPHYRegister
                        0x0800138b   0x76  Code  Gb  stm32f4xx_hal_eth.o [1]
HAL_ETH_WritePHYRegister
                        0x08001401   0x68  Code  Gb  stm32f4xx_hal_eth.o [1]
HAL_GPIO_Init           0x08000ee5  0x1b8  Code  Gb  stm32f4xx_hal_gpio.o [1]
HAL_GPIO_WritePin       0x0800109d    0x8  Code  Gb  stm32f4xx_hal_gpio.o [1]
HAL_GetTick             0x0800099d    0xc  Code  Wk  stm32f4xx_hal.o [1]
HAL_IncTick             0x08001e39   0x10  Code  Wk  stm32f4xx_hal.o [1]
HAL_Init                0x080011a5   0x30  Code  Gb  stm32f4xx_hal.o [1]
HAL_InitTick            0x08001909   0x40  Code  Wk  stm32f4xx_hal.o [1]
HAL_MspInit             0x08000711   0x34  Code  Gb  stm32f4xx_hal_msp.o [1]
HAL_NVIC_EnableIRQ      0x08001147    0xc  Code  Gb  stm32f4xx_hal_cortex.o [1]
HAL_NVIC_SetPriority    0x0800110d   0x3a  Code  Gb  stm32f4xx_hal_cortex.o [1]
HAL_NVIC_SetPriorityGrouping
                        0x080010f3   0x1a  Code  Gb  stm32f4xx_hal_cortex.o [1]
HAL_PCD_Init            0x0800159d   0xa6  Code  Gb  stm32f4xx_hal_pcd.o [1]
HAL_PCD_MspInit         0x080008f7   0x7e  Code  Gb  stm32f4xx_hal_msp.o [1]
HAL_RCC_ClockConfig     0x08000d45   0xfa  Code  Gb  stm32f4xx_hal_rcc.o [1]
HAL_RCC_GetHCLKFreq     0x08000e4b    0x6  Code  Gb  stm32f4xx_hal_rcc.o [1]
HAL_RCC_GetPCLK1Freq    0x08000e51   0x10  Code  Gb  stm32f4xx_hal_rcc.o [1]
HAL_RCC_GetPCLK2Freq    0x08000e61    0xe  Code  Gb  stm32f4xx_hal_rcc.o [1]
HAL_RCC_GetSysClockFreq
                        0x08000e8d   0x58  Code  Wk  stm32f4xx_hal_rcc.o [1]
HAL_RCC_OscConfig       0x0800164d  0x2bc  Code  Wk  stm32f4xx_hal_rcc.o [1]
HAL_SYSTICK_Config      0x0800115b   0x28  Code  Gb  stm32f4xx_hal_cortex.o [1]
HAL_UART_ErrorCallback  0x080009cd    0x2  Code  Wk  stm32f4xx_hal_uart.o [1]
HAL_UART_IRQHandler     0x0800033b  0x14e  Code  Gb  stm32f4xx_hal_uart.o [1]
HAL_UART_Init           0x080001ad   0x28  Code  Gb  stm32f4xx_hal_uart.o [1]
HAL_UART_MspInit        0x08000819   0xa6  Code  Gb  stm32f4xx_hal_msp.o [1]
HAL_UART_Receive_IT     0x080002d1   0x4a  Code  Gb  stm32f4xx_hal_uart.o [1]
HAL_UART_RxCpltCallback
                        0x08000c59   0x82  Code  Gb  main.o [1]
HAL_UART_Transmit       0x0800021b   0xa0  Code  Gb  stm32f4xx_hal_uart.o [1]
HAL_UART_TxCpltCallback
                        0x080009cf    0x2  Code  Wk  stm32f4xx_hal_uart.o [1]
HardFault_Handler       0x08001e13    0x2  Code  Gb  stm32f4xx_it.o [1]
MX_GPIO_Init            0x08000b4d   0xf0  Code  Lc  main.o [1]
MemManage_Handler       0x08001e15    0x2  Code  Gb  stm32f4xx_it.o [1]
NMI_Handler             0x08001e11    0x2  Code  Gb  stm32f4xx_it.o [1]
NVIC_SetPriority        0x080010d9   0x1a  Code  Lc  stm32f4xx_hal_cortex.o [1]
PendSV_Handler          0x08001e1f    0x2  Code  Gb  stm32f4xx_it.o [1]
Region$$Table$$Base     0x08001e94          --   Gb  - Linker created -
Region$$Table$$Limit    0x08001eb8          --   Gb  - Linker created -
SVC_Handler             0x08001e1b    0x2  Code  Gb  stm32f4xx_it.o [1]
SysTick_Handler         0x08001e21    0x4  Code  Gb  stm32f4xx_it.o [1]
SystemClock_Config      0x08000ab5   0x98  Code  Gb  main.o [1]
SystemCoreClock         0x2000000c    0x4  Data  Gb  system_stm32f4xx.o [1]
SystemInit              0x08001d45   0x3a  Code  Gb  system_stm32f4xx.o [1]
UART_DMAAbortOnError    0x080004fd    0xc  Code  Lc  stm32f4xx_hal_uart.o [1]
UART_EndRxTransfer      0x080004df   0x1c  Code  Lc  stm32f4xx_hal_uart.o [1]
UART_Receive_IT         0x08000509   0x88  Code  Lc  stm32f4xx_hal_uart.o [1]
UART_SetConfig          0x08000591  0x13a  Code  Lc  stm32f4xx_hal_uart.o [1]
UART_WaitOnFlagUntilTimeout
                        0x08000489   0x56  Code  Lc  stm32f4xx_hal_uart.o [1]
USART3_IRQHandler       0x08001e25    0x6  Code  Gb  stm32f4xx_it.o [1]
USART6_IRQHandler       0x08001e2b    0x6  Code  Gb  stm32f4xx_it.o [1]
USB_CoreInit            0x08001a95   0x6e  Code  Gb  stm32f4xx_ll_usb.o [1]
USB_CoreReset           0x08001ca1   0x2a  Code  Lc  stm32f4xx_ll_usb.o [1]
USB_DevDisconnect       0x08001c89    0xc  Code  Gb  stm32f4xx_ll_usb.o [1]
USB_DevInit             0x08001b35  0x10c  Code  Gb  stm32f4xx_ll_usb.o [1]
USB_DisableGlobalInt    0x08001b03    0x6  Code  Gb  stm32f4xx_ll_usb.o [1]
USB_FlushRxFifo         0x08001c5f   0x1a  Code  Gb  stm32f4xx_ll_usb.o [1]
USB_FlushTxFifo         0x08001c41   0x1e  Code  Gb  stm32f4xx_ll_usb.o [1]
USB_SetCurrentMode      0x08001b0f   0x26  Code  Gb  stm32f4xx_ll_usb.o [1]
USB_SetDevSpeed         0x08001c79    0x6  Code  Gb  stm32f4xx_ll_usb.o [1]
UsageFault_Handler      0x08001e19    0x2  Code  Gb  stm32f4xx_it.o [1]
__aeabi_ldiv0           0x08001d41         Code  Gb  I64DivZer.o [5]
__aeabi_memclr4         0x0800119d         Code  Gb  ABImemclr4.o [5]
__aeabi_uldivmod        0x08001949         Code  Gb  I64DivMod.o [5]
__cmain                 0x08001eb9         Code  Gb  cmain.o [5]
__exit                  0x08001ee9   0x14  Code  Gb  exit.o [6]
__iar_Memset4_word      0x08001a39         Code  Gb  ABImemset48.o [5]
__iar_Memset8_word      0x08001a39         Code  Gb  ABImemset48.o [5]
__iar_copy_init3        0x08001de5   0x2c  Code  Gb  copy_init3.o [5]
__iar_data_init3        0x08001e49   0x28  Code  Gb  data_init.o [5]
__iar_init_vfp          0x08001e71         Code  Gb  fpinit_M.o [4]
__iar_program_start     0x08001f1d         Code  Gb  cstartup_M.o [5]
__iar_unaligned___aeabi_memcpy4
                        0x08001ce9         Code  Gb  ABImemcpy_unaligned.o [5]
__iar_unaligned___aeabi_memcpy8
                        0x08001ce9         Code  Gb  ABImemcpy_unaligned.o [5]
__iar_zero_init3        0x08001da5   0x40  Code  Gb  zero_init3.o [5]
__low_level_init        0x08001ed3    0x4  Code  Gb  low_level_init.o [3]
__vector_table          0x08000000         Data  Gb  startup_stm32f429xx.o [1]
_call_main              0x08001ec5         Code  Gb  cmain.o [5]
_exit                   0x08001edd         Code  Gb  cexit.o [5]
_main                   0x08001ecf         Code  Gb  cmain.o [5]
bldata                  0x200008cc    0x1  Data  Gb  main.o [1]
ci                      0x20000934    0x1  Data  Gb  main.o [1]
ctemp                   0x200008d0   0x64  Data  Gb  main.o [1]
exit                    0x08001ed7    0x4  Code  Gb  exit.o [3]
heth                    0x20000410   0x48  Data  Gb  main.o [1]
hpcd_USB_OTG_FS         0x20000458  0x3f0  Data  Gb  main.o [1]
huart3                  0x2000084c   0x40  Data  Gb  main.o [1]
huart6                  0x2000088c   0x40  Data  Gb  main.o [1]
main                    0x080009d1   0xe4  Code  Gb  main.o [1]
pcdata                  0x20000848    0x1  Data  Gb  main.o [1]
uwTick                  0x20000004    0x4  Data  Gb  stm32f4xx_hal.o [1]
uwTickFreq              0x20000000    0x1  Data  Gb  stm32f4xx_hal.o [1]
uwTickPrio              0x20000008    0x4  Data  Gb  stm32f4xx_hal.o [1]


[1] = C:\Users\PanJun-Kim\Documents\CubeMX\bluset3\EWARM\bluset\Obj
[2] = command line
[3] = dl7M_tlf.a
[4] = m7M_tls.a
[5] = rt7M_tl.a
[6] = shb_l.a

  8 274 bytes of readonly  code memory
     62 bytes of readonly  data memory
  2 357 bytes of readwrite data memory

Errors: none
Warnings: none
