###############################################################################
#
# IAR ELF Linker V7.80.3.12102/W32 for ARM                13/Jun/2022  12:23:48
# Copyright 2007-2016 IAR Systems AB.
#
#    Output file  =  
#        C:\Users\PanJun-Kim\Documents\CubeMX\bluset2\EWARM\bluset\Exe\bluset.out
#    Map file     =  
#        C:\Users\PanJun-Kim\Documents\CubeMX\bluset2\EWARM\bluset\List\bluset.map
#    Command line =  
#        C:\Users\PanJun-Kim\Documents\CubeMX\bluset2\EWARM\bluset\Obj\bluetooth.o
#        C:\Users\PanJun-Kim\Documents\CubeMX\bluset2\EWARM\bluset\Obj\flash_if.o
#        C:\Users\PanJun-Kim\Documents\CubeMX\bluset2\EWARM\bluset\Obj\main.o
#        C:\Users\PanJun-Kim\Documents\CubeMX\bluset2\EWARM\bluset\Obj\queue.o
#        C:\Users\PanJun-Kim\Documents\CubeMX\bluset2\EWARM\bluset\Obj\startup_stm32f429xx.o
#        C:\Users\PanJun-Kim\Documents\CubeMX\bluset2\EWARM\bluset\Obj\stm32f4xx_hal.o
#        C:\Users\PanJun-Kim\Documents\CubeMX\bluset2\EWARM\bluset\Obj\stm32f4xx_hal_cortex.o
#        C:\Users\PanJun-Kim\Documents\CubeMX\bluset2\EWARM\bluset\Obj\stm32f4xx_hal_dma.o
#        C:\Users\PanJun-Kim\Documents\CubeMX\bluset2\EWARM\bluset\Obj\stm32f4xx_hal_dma_ex.o
#        C:\Users\PanJun-Kim\Documents\CubeMX\bluset2\EWARM\bluset\Obj\stm32f4xx_hal_eth.o
#        C:\Users\PanJun-Kim\Documents\CubeMX\bluset2\EWARM\bluset\Obj\stm32f4xx_hal_flash.o
#        C:\Users\PanJun-Kim\Documents\CubeMX\bluset2\EWARM\bluset\Obj\stm32f4xx_hal_flash_ex.o
#        C:\Users\PanJun-Kim\Documents\CubeMX\bluset2\EWARM\bluset\Obj\stm32f4xx_hal_flash_ramfunc.o
#        C:\Users\PanJun-Kim\Documents\CubeMX\bluset2\EWARM\bluset\Obj\stm32f4xx_hal_gpio.o
#        C:\Users\PanJun-Kim\Documents\CubeMX\bluset2\EWARM\bluset\Obj\stm32f4xx_hal_msp.o
#        C:\Users\PanJun-Kim\Documents\CubeMX\bluset2\EWARM\bluset\Obj\stm32f4xx_hal_pcd.o
#        C:\Users\PanJun-Kim\Documents\CubeMX\bluset2\EWARM\bluset\Obj\stm32f4xx_hal_pcd_ex.o
#        C:\Users\PanJun-Kim\Documents\CubeMX\bluset2\EWARM\bluset\Obj\stm32f4xx_hal_pwr.o
#        C:\Users\PanJun-Kim\Documents\CubeMX\bluset2\EWARM\bluset\Obj\stm32f4xx_hal_pwr_ex.o
#        C:\Users\PanJun-Kim\Documents\CubeMX\bluset2\EWARM\bluset\Obj\stm32f4xx_hal_rcc.o
#        C:\Users\PanJun-Kim\Documents\CubeMX\bluset2\EWARM\bluset\Obj\stm32f4xx_hal_rcc_ex.o
#        C:\Users\PanJun-Kim\Documents\CubeMX\bluset2\EWARM\bluset\Obj\stm32f4xx_hal_tim.o
#        C:\Users\PanJun-Kim\Documents\CubeMX\bluset2\EWARM\bluset\Obj\stm32f4xx_hal_tim_ex.o
#        C:\Users\PanJun-Kim\Documents\CubeMX\bluset2\EWARM\bluset\Obj\stm32f4xx_hal_uart.o
#        C:\Users\PanJun-Kim\Documents\CubeMX\bluset2\EWARM\bluset\Obj\stm32f4xx_it.o
#        C:\Users\PanJun-Kim\Documents\CubeMX\bluset2\EWARM\bluset\Obj\stm32f4xx_ll_usb.o
#        C:\Users\PanJun-Kim\Documents\CubeMX\bluset2\EWARM\bluset\Obj\system_stm32f4xx.o
#        --redirect _Printf=_PrintfFull --redirect _Scanf=_ScanfFull -o
#        C:\Users\PanJun-Kim\Documents\CubeMX\bluset2\EWARM\bluset\Exe\bluset.out
#        --map
#        C:\Users\PanJun-Kim\Documents\CubeMX\bluset2\EWARM\bluset\List\bluset.map
#        --config
#        C:\Users\PanJun-Kim\Documents\CubeMX\bluset2\EWARM/stm32f429xx_flash.icf
#        --semihosting --entry __iar_program_start --vfe
#
###############################################################################

*******************************************************************************
*** RUNTIME MODEL ATTRIBUTES
***

CppFlavor       = *
__SystemLibrary = DLib


*******************************************************************************
*** PLACEMENT SUMMARY
***

"A0":  place at 0x08000000 { ro section .intvec };
"P1":  place in [from 0x08000000 to 0x081fffff] { ro };
"P2":  place in [from 0x20000000 to 0x2002ffff] { rw, block CSTACK, block HEAP };
initialize by copy { rw };

  Section            Kind        Address    Size  Object
  -------            ----        -------    ----  ------
"A0":                                      0x1ac
  .intvec            ro code  0x08000000   0x1ac  startup_stm32f429xx.o [1]
                            - 0x080001ac   0x1ac

"P1":                                     0x224e
  .text              ro code  0x080001ac   0x562  stm32f4xx_hal_uart.o [1]
  .text              ro code  0x08000710   0x304  stm32f4xx_hal_msp.o [1]
  .text              ro code  0x08000a14     0xc  stm32f4xx_hal.o [1]
  .text              ro code  0x08000a20    0x24  stm32f4xx_hal_dma.o [1]
  .text              ro code  0x08000a44     0x2  stm32f4xx_hal_uart.o [1]
  .text              ro code  0x08000a46     0x2  stm32f4xx_hal_uart.o [1]
  .text              ro code  0x08000a48   0x494  main.o [1]
  .text              ro code  0x08000edc   0x1a0  stm32f4xx_hal_rcc.o [1]
  .text              ro code  0x0800107c   0x1f4  stm32f4xx_hal_gpio.o [1]
  .text              ro code  0x08001270    0xc4  stm32f4xx_hal_cortex.o [1]
  .text              ro code  0x08001334     0x6  ABImemclr4.o [5]
  .text              ro code  0x0800133c    0x34  stm32f4xx_hal.o [1]
  .text              ro code  0x08001370   0x3c4  stm32f4xx_hal_eth.o [1]
  .text              ro code  0x08001734    0xb0  stm32f4xx_hal_pcd.o [1]
  .text              ro code  0x080017e4    0x28  stm32f4xx_hal.o [1]
  .text              ro code  0x0800180c    0x60  bluetooth.o [1]
  .text              ro code  0x0800186c    0x7c  queue.o [1]
  .text              ro code  0x080018e8    0x78  ABImemmove_unaligned.o [5]
  .text              ro code  0x08001960   0x2bc  stm32f4xx_hal_rcc.o [1]
  .text              ro code  0x08001c1c    0x40  stm32f4xx_hal.o [1]
  .text              ro code  0x08001c5c    0xee  I64DivMod.o [5]
  .text              ro code  0x08001d4c    0x32  ABImemset48.o [5]
  .text              ro code  0x08001d80   0x254  stm32f4xx_ll_usb.o [1]
  .text              ro code  0x08001fd4    0x76  ABImemcpy_unaligned.o [5]
  .text              ro code  0x0800204c     0x2  I64DivZer.o [5]
  .text              ro code  0x08002050    0x60  system_stm32f4xx.o [1]
  .text              ro code  0x080020b0    0x40  zero_init3.o [5]
  .text              ro code  0x080020f0    0x38  packbits_init_single.o [5]
  .text              ro code  0x08002128    0x34  stm32f4xx_it.o [1]
  .text              ro code  0x0800215c    0x10  stm32f4xx_hal.o [1]
  .text              ro code  0x0800216c    0x28  data_init.o [5]
  .text              ro code  0x08002194    0x22  fpinit_M.o [4]
  .iar.init_table    const    0x080021b8    0x20  - Linker created -
  .text              ro code  0x080021d8    0x1a  cmain.o [5]
  .text              ro code  0x080021f2     0x4  low_level_init.o [3]
  .text              ro code  0x080021f6     0x4  exit.o [3]
  .text              ro code  0x080021fc     0xa  cexit.o [5]
  .text              ro code  0x08002208    0x14  exit.o [6]
  .text              ro code  0x0800221c    0x10  startup_stm32f429xx.o [1]
  .text              ro code  0x0800222c     0xc  cstartup_M.o [5]
  .rodata            const    0x08002238     0x8  system_stm32f4xx.o [1]
  .text              ro code  0x08002240     0x4  startup_stm32f429xx.o [1]
  .text              ro code  0x08002244     0x4  startup_stm32f429xx.o [1]
  .text              ro code  0x08002248     0x4  startup_stm32f429xx.o [1]
  .text              ro code  0x0800224c     0x4  startup_stm32f429xx.o [1]
  .text              ro code  0x08002250     0x4  startup_stm32f429xx.o [1]
  .text              ro code  0x08002254     0x4  startup_stm32f429xx.o [1]
  .text              ro code  0x08002258     0x4  startup_stm32f429xx.o [1]
  .text              ro code  0x0800225c     0x4  startup_stm32f429xx.o [1]
  .text              ro code  0x08002260     0x4  startup_stm32f429xx.o [1]
  .text              ro code  0x08002264     0x4  startup_stm32f429xx.o [1]
  .text              ro code  0x08002268     0x4  startup_stm32f429xx.o [1]
  .text              ro code  0x0800226c     0x4  startup_stm32f429xx.o [1]
  .text              ro code  0x08002270     0x4  startup_stm32f429xx.o [1]
  .text              ro code  0x08002274     0x4  startup_stm32f429xx.o [1]
  .text              ro code  0x08002278     0x4  startup_stm32f429xx.o [1]
  .text              ro code  0x0800227c     0x4  startup_stm32f429xx.o [1]
  .text              ro code  0x08002280     0x4  startup_stm32f429xx.o [1]
  .text              ro code  0x08002284     0x4  startup_stm32f429xx.o [1]
  .text              ro code  0x08002288     0x4  startup_stm32f429xx.o [1]
  .text              ro code  0x0800228c     0x4  startup_stm32f429xx.o [1]
  .text              ro code  0x08002290     0x4  startup_stm32f429xx.o [1]
  .text              ro code  0x08002294     0x4  startup_stm32f429xx.o [1]
  .text              ro code  0x08002298     0x4  startup_stm32f429xx.o [1]
  .text              ro code  0x0800229c     0x4  startup_stm32f429xx.o [1]
  .text              ro code  0x080022a0     0x4  startup_stm32f429xx.o [1]
  .text              ro code  0x080022a4     0x4  startup_stm32f429xx.o [1]
  .text              ro code  0x080022a8     0x4  startup_stm32f429xx.o [1]
  .text              ro code  0x080022ac     0x4  startup_stm32f429xx.o [1]
  .text              ro code  0x080022b0     0x4  startup_stm32f429xx.o [1]
  .text              ro code  0x080022b4     0x4  startup_stm32f429xx.o [1]
  .text              ro code  0x080022b8     0x4  startup_stm32f429xx.o [1]
  .text              ro code  0x080022bc     0x4  startup_stm32f429xx.o [1]
  .text              ro code  0x080022c0     0x4  startup_stm32f429xx.o [1]
  .text              ro code  0x080022c4     0x4  startup_stm32f429xx.o [1]
  .text              ro code  0x080022c8     0x4  startup_stm32f429xx.o [1]
  .text              ro code  0x080022cc     0x4  startup_stm32f429xx.o [1]
  .text              ro code  0x080022d0     0x4  startup_stm32f429xx.o [1]
  .text              ro code  0x080022d4     0x4  startup_stm32f429xx.o [1]
  .text              ro code  0x080022d8     0x4  startup_stm32f429xx.o [1]
  .text              ro code  0x080022dc     0x4  startup_stm32f429xx.o [1]
  .text              ro code  0x080022e0     0x4  startup_stm32f429xx.o [1]
  .text              ro code  0x080022e4     0x4  startup_stm32f429xx.o [1]
  .text              ro code  0x080022e8     0x4  startup_stm32f429xx.o [1]
  .text              ro code  0x080022ec     0x4  startup_stm32f429xx.o [1]
  .text              ro code  0x080022f0     0x4  startup_stm32f429xx.o [1]
  .text              ro code  0x080022f4     0x4  startup_stm32f429xx.o [1]
  .text              ro code  0x080022f8     0x4  startup_stm32f429xx.o [1]
  .text              ro code  0x080022fc     0x4  startup_stm32f429xx.o [1]
  .text              ro code  0x08002300     0x4  startup_stm32f429xx.o [1]
  .text              ro code  0x08002304     0x4  startup_stm32f429xx.o [1]
  .text              ro code  0x08002308     0x4  startup_stm32f429xx.o [1]
  .text              ro code  0x0800230c     0x4  startup_stm32f429xx.o [1]
  .text              ro code  0x08002310     0x4  startup_stm32f429xx.o [1]
  .text              ro code  0x08002314     0x4  startup_stm32f429xx.o [1]
  .text              ro code  0x08002318     0x4  startup_stm32f429xx.o [1]
  .text              ro code  0x0800231c     0x4  startup_stm32f429xx.o [1]
  .text              ro code  0x08002320     0x4  startup_stm32f429xx.o [1]
  .text              ro code  0x08002324     0x4  startup_stm32f429xx.o [1]
  .text              ro code  0x08002328     0x4  startup_stm32f429xx.o [1]
  .text              ro code  0x0800232c     0x4  startup_stm32f429xx.o [1]
  .text              ro code  0x08002330     0x4  startup_stm32f429xx.o [1]
  .text              ro code  0x08002334     0x4  startup_stm32f429xx.o [1]
  .text              ro code  0x08002338     0x4  startup_stm32f429xx.o [1]
  .text              ro code  0x0800233c     0x4  startup_stm32f429xx.o [1]
  .text              ro code  0x08002340     0x4  startup_stm32f429xx.o [1]
  .text              ro code  0x08002344     0x4  startup_stm32f429xx.o [1]
  .text              ro code  0x08002348     0x4  startup_stm32f429xx.o [1]
  .text              ro code  0x0800234c     0x4  startup_stm32f429xx.o [1]
  .text              ro code  0x08002350     0x4  startup_stm32f429xx.o [1]
  .text              ro code  0x08002354     0x4  startup_stm32f429xx.o [1]
  .text              ro code  0x08002358     0x4  startup_stm32f429xx.o [1]
  .text              ro code  0x0800235c     0x4  startup_stm32f429xx.o [1]
  .text              ro code  0x08002360     0x4  startup_stm32f429xx.o [1]
  .text              ro code  0x08002364     0x4  startup_stm32f429xx.o [1]
  .text              ro code  0x08002368     0x4  startup_stm32f429xx.o [1]
  .text              ro code  0x0800236c     0x4  startup_stm32f429xx.o [1]
  .text              ro code  0x08002370     0x4  startup_stm32f429xx.o [1]
  .text              ro code  0x08002374     0x4  startup_stm32f429xx.o [1]
  .text              ro code  0x08002378     0x4  startup_stm32f429xx.o [1]
  .text              ro code  0x0800237c     0x4  startup_stm32f429xx.o [1]
  .text              ro code  0x08002380     0x4  startup_stm32f429xx.o [1]
  .text              ro code  0x08002384     0x4  startup_stm32f429xx.o [1]
  .text              ro code  0x08002388     0x4  startup_stm32f429xx.o [1]
  .text              ro code  0x0800238c     0x4  startup_stm32f429xx.o [1]
  .text              ro code  0x08002390     0x4  startup_stm32f429xx.o [1]
  .text              ro code  0x08002394     0x4  startup_stm32f429xx.o [1]
  .text              ro code  0x08002398     0x4  startup_stm32f429xx.o [1]
  .rodata            const    0x0800239c     0x0  zero_init3.o [5]
  .rodata            const    0x0800239c     0x0  packbits_init_single.o [5]
  Initializer bytes  const    0x0800239c    0x5e  <for P2-1>
                            - 0x080023fa  0x224e

"P2", part 1 of 3:                         0x5b8
  P2-1                        0x20000000   0x5b8  <Init block>
    .data            inited   0x20000000    0x34  bluetooth.o [1]
    .data            inited   0x20000034    0x6c  main.o [1]
    .data            inited   0x200000a0   0x508  main.o [1]
    .data            inited   0x200005a8     0xc  stm32f4xx_hal.o [1]
    .data            inited   0x200005b4     0x4  system_stm32f4xx.o [1]
                            - 0x200005b8   0x5b8

"P2", part 2 of 3:                         0x400
  CSTACK                      0x200005b8   0x400  <Block>
    CSTACK           uninit   0x200005b8   0x400  <Block tail>
                            - 0x200009b8   0x400

"P2", part 3 of 3:                         0x100
  .bss               zero     0x200009b8    0x48  main.o [1]
  .bss               zero     0x20000a00    0x40  main.o [1]
  .bss               zero     0x20000a40    0x40  main.o [1]
  .bss               zero     0x20000a80    0x38  queue.o [1]
                            - 0x20000ab8   0x100


*******************************************************************************
*** INIT TABLE
***

          Address     Size
          -------     ----
Zero (__iar_zero_init3)
    1 destination range, total size 0x100:
          0x200009b8  0x100

Copy/packbits (__iar_packbits_init_single3)
    1 source range, total size 0x5e (6% of destination):
          0x0800239c   0x5e
    1 destination range, total size 0x5b8:
          0x20000000  0x5b8



*******************************************************************************
*** MODULE SUMMARY
***

    Module                  ro code  ro data  rw data
    ------                  -------  -------  -------
C:\Users\PanJun-Kim\Documents\CubeMX\bluset2\EWARM\bluset\Obj: [1]
    bluetooth.o                  96        3       52
    main.o                    1 172       89    1 596
    queue.o                     124                56
    startup_stm32f429xx.o       792
    stm32f4xx_hal.o             184        1       12
    stm32f4xx_hal_cortex.o      196
    stm32f4xx_hal_dma.o          36
    stm32f4xx_hal_eth.o         964
    stm32f4xx_hal_gpio.o        500
    stm32f4xx_hal_msp.o         772
    stm32f4xx_hal_pcd.o         176
    stm32f4xx_hal_rcc.o       1 116
    stm32f4xx_hal_uart.o      1 382
    stm32f4xx_it.o               52
    stm32f4xx_ll_usb.o          596
    system_stm32f4xx.o           96        9        4
    -------------------------------------------------
    Total:                    8 254      102    1 720

command line: [2]
    -------------------------------------------------
    Total:

dl7M_tlf.a: [3]
    exit.o                        4
    low_level_init.o              4
    -------------------------------------------------
    Total:                        8

m7M_tls.a: [4]
    fpinit_M.o                   34
    -------------------------------------------------
    Total:                       34

rt7M_tl.a: [5]
    ABImemclr4.o                  6
    ABImemcpy_unaligned.o       118
    ABImemmove_unaligned.o      120
    ABImemset48.o                50
    I64DivMod.o                 238
    I64DivZer.o                   2
    cexit.o                      10
    cmain.o                      26
    cstartup_M.o                 12
    data_init.o                  40
    packbits_init_single.o       56
    zero_init3.o                 64
    -------------------------------------------------
    Total:                      742

shb_l.a: [6]
    exit.o                       20
    -------------------------------------------------
    Total:                       20

    Gaps                         16        2
    Linker created                        32    1 024
-----------------------------------------------------
    Grand Total:              9 074      136    2 744


*******************************************************************************
*** ENTRY LIST
***

Entry                      Address   Size  Type      Object
-----                      -------   ----  ----      ------
.iar.init_table$$Base   0x080021b8          --   Gb  - Linker created -
.iar.init_table$$Limit  0x080021d8          --   Gb  - Linker created -
?main                   0x080021d9         Code  Gb  cmain.o [5]
AHBPrescTable           0x080020a0   0x10  Data  Gb  system_stm32f4xx.o [1]
APBPrescTable           0x08002238    0x8  Data  Gb  system_stm32f4xx.o [1]
BT_M_Init2              0x0800180d   0x18  Code  Gb  bluetooth.o [1]
BT_M_Init6              0x08001835   0x16  Code  Gb  bluetooth.o [1]
BusFault_Handler        0x0800212f    0x2  Code  Gb  stm32f4xx_it.o [1]
CON_MAC1                0x2000000c   0x14  Data  Gb  bluetooth.o [1]
CON_MAC2                0x20000020   0x14  Data  Gb  bluetooth.o [1]
CSTACK$$Base            0x200005b8          --   Gb  - Linker created -
CSTACK$$Limit           0x200009b8          --   Gb  - Linker created -
DebugMon_Handler        0x08002135    0x2  Code  Gb  stm32f4xx_it.o [1]
ETH_MACDMAConfig        0x08001613   0xea  Code  Lc  stm32f4xx_hal_eth.o [1]
HAL_DMA_Abort_IT        0x08000a21   0x24  Code  Gb  stm32f4xx_hal_dma.o [1]
HAL_Delay               0x080017e5   0x28  Code  Wk  stm32f4xx_hal.o [1]
HAL_ETH_Init            0x08001371  0x19e  Code  Gb  stm32f4xx_hal_eth.o [1]
HAL_ETH_MspInit         0x08000747   0xae  Code  Gb  stm32f4xx_hal_msp.o [1]
HAL_ETH_ReadPHYRegister
                        0x08001523   0x76  Code  Gb  stm32f4xx_hal_eth.o [1]
HAL_ETH_WritePHYRegister
                        0x08001599   0x68  Code  Gb  stm32f4xx_hal_eth.o [1]
HAL_GPIO_Init           0x0800107d  0x1b8  Code  Gb  stm32f4xx_hal_gpio.o [1]
HAL_GPIO_WritePin       0x08001235    0x8  Code  Gb  stm32f4xx_hal_gpio.o [1]
HAL_GetTick             0x08000a15    0xc  Code  Wk  stm32f4xx_hal.o [1]
HAL_IncTick             0x0800215d   0x10  Code  Wk  stm32f4xx_hal.o [1]
HAL_Init                0x0800133d   0x30  Code  Gb  stm32f4xx_hal.o [1]
HAL_InitTick            0x08001c1d   0x40  Code  Wk  stm32f4xx_hal.o [1]
HAL_MspInit             0x08000711   0x36  Code  Gb  stm32f4xx_hal_msp.o [1]
HAL_NVIC_EnableIRQ      0x080012df    0xc  Code  Gb  stm32f4xx_hal_cortex.o [1]
HAL_NVIC_SetPriority    0x080012a5   0x3a  Code  Gb  stm32f4xx_hal_cortex.o [1]
HAL_NVIC_SetPriorityGrouping
                        0x0800128b   0x1a  Code  Gb  stm32f4xx_hal_cortex.o [1]
HAL_PCD_Init            0x08001735   0xa6  Code  Gb  stm32f4xx_hal_pcd.o [1]
HAL_PCD_MspInit         0x08000969   0x7e  Code  Gb  stm32f4xx_hal_msp.o [1]
HAL_RCC_ClockConfig     0x08000edd   0xfa  Code  Gb  stm32f4xx_hal_rcc.o [1]
HAL_RCC_GetHCLKFreq     0x08000fe3    0x6  Code  Gb  stm32f4xx_hal_rcc.o [1]
HAL_RCC_GetPCLK1Freq    0x08000fe9   0x10  Code  Gb  stm32f4xx_hal_rcc.o [1]
HAL_RCC_GetPCLK2Freq    0x08000ff9    0xe  Code  Gb  stm32f4xx_hal_rcc.o [1]
HAL_RCC_GetSysClockFreq
                        0x08001025   0x58  Code  Wk  stm32f4xx_hal_rcc.o [1]
HAL_RCC_OscConfig       0x08001961  0x2bc  Code  Wk  stm32f4xx_hal_rcc.o [1]
HAL_SYSTICK_Config      0x080012f3   0x28  Code  Gb  stm32f4xx_hal_cortex.o [1]
HAL_UART_ErrorCallback  0x08000a45    0x2  Code  Wk  stm32f4xx_hal_uart.o [1]
HAL_UART_IRQHandler     0x0800033b  0x14e  Code  Gb  stm32f4xx_hal_uart.o [1]
HAL_UART_Init           0x080001ad   0x28  Code  Gb  stm32f4xx_hal_uart.o [1]
HAL_UART_MspInit        0x0800080b   0xda  Code  Gb  stm32f4xx_hal_msp.o [1]
HAL_UART_Receive_IT     0x080002d1   0x4a  Code  Gb  stm32f4xx_hal_uart.o [1]
HAL_UART_RxCpltCallback
                        0x08000d91   0xbc  Code  Gb  main.o [1]
HAL_UART_Transmit       0x0800021b   0xa0  Code  Gb  stm32f4xx_hal_uart.o [1]
HAL_UART_TxCpltCallback
                        0x08000a47    0x2  Code  Wk  stm32f4xx_hal_uart.o [1]
HardFault_Handler       0x0800212b    0x2  Code  Gb  stm32f4xx_it.o [1]
MX_GPIO_Init            0x08000c85   0xf0  Code  Lc  main.o [1]
MemManage_Handler       0x0800212d    0x2  Code  Gb  stm32f4xx_it.o [1]
NMI_Handler             0x08002129    0x2  Code  Gb  stm32f4xx_it.o [1]
NVIC_SetPriority        0x08001271   0x1a  Code  Lc  stm32f4xx_hal_cortex.o [1]
PendSV_Handler          0x08002137    0x2  Code  Gb  stm32f4xx_it.o [1]
Region$$Table$$Base     0x080021b8          --   Gb  - Linker created -
Region$$Table$$Limit    0x080021d8          --   Gb  - Linker created -
SET_SCAN                0x20000000    0xc  Data  Gb  bluetooth.o [1]
SVC_Handler             0x08002133    0x2  Code  Gb  stm32f4xx_it.o [1]
SysTick_Handler         0x08002139    0x4  Code  Gb  stm32f4xx_it.o [1]
SystemClock_Config      0x08000bed   0x98  Code  Gb  main.o [1]
SystemCoreClock         0x200005b4    0x4  Data  Gb  system_stm32f4xx.o [1]
SystemInit              0x08002051   0x3a  Code  Gb  system_stm32f4xx.o [1]
UART_DMAAbortOnError    0x080004fd    0xc  Code  Lc  stm32f4xx_hal_uart.o [1]
UART_EndRxTransfer      0x080004df   0x1c  Code  Lc  stm32f4xx_hal_uart.o [1]
UART_Receive_IT         0x08000509   0x88  Code  Lc  stm32f4xx_hal_uart.o [1]
UART_SetConfig          0x08000591  0x13a  Code  Lc  stm32f4xx_hal_uart.o [1]
UART_WaitOnFlagUntilTimeout
                        0x08000489   0x56  Code  Lc  stm32f4xx_hal_uart.o [1]
USART2_IRQHandler       0x0800213d    0x6  Code  Gb  stm32f4xx_it.o [1]
USART3_IRQHandler       0x08002143    0x6  Code  Gb  stm32f4xx_it.o [1]
USART6_IRQHandler       0x08002149    0x6  Code  Gb  stm32f4xx_it.o [1]
USB_CoreInit            0x08001d81   0x6e  Code  Gb  stm32f4xx_ll_usb.o [1]
USB_CoreReset           0x08001f8d   0x2a  Code  Lc  stm32f4xx_ll_usb.o [1]
USB_DevDisconnect       0x08001f75    0xc  Code  Gb  stm32f4xx_ll_usb.o [1]
USB_DevInit             0x08001e21  0x10c  Code  Gb  stm32f4xx_ll_usb.o [1]
USB_DisableGlobalInt    0x08001def    0x6  Code  Gb  stm32f4xx_ll_usb.o [1]
USB_FlushRxFifo         0x08001f4b   0x1a  Code  Gb  stm32f4xx_ll_usb.o [1]
USB_FlushTxFifo         0x08001f2d   0x1e  Code  Gb  stm32f4xx_ll_usb.o [1]
USB_SetCurrentMode      0x08001dfb   0x26  Code  Gb  stm32f4xx_ll_usb.o [1]
USB_SetDevSpeed         0x08001f65    0x6  Code  Gb  stm32f4xx_ll_usb.o [1]
UsageFault_Handler      0x08002131    0x2  Code  Gb  stm32f4xx_it.o [1]
__aeabi_ldiv0           0x0800204d         Code  Gb  I64DivZer.o [5]
__aeabi_memclr4         0x08001335         Code  Gb  ABImemclr4.o [5]
__aeabi_uldivmod        0x08001c5d         Code  Gb  I64DivMod.o [5]
__cmain                 0x080021d9         Code  Gb  cmain.o [5]
__exit                  0x08002209   0x14  Code  Gb  exit.o [6]
__iar_Memset4_word      0x08001d4d         Code  Gb  ABImemset48.o [5]
__iar_Memset8_word      0x08001d4d         Code  Gb  ABImemset48.o [5]
__iar_data_init3        0x0800216d   0x28  Code  Gb  data_init.o [5]
__iar_init_vfp          0x08002195         Code  Gb  fpinit_M.o [4]
__iar_packbits_init_single3
                        0x080020f1   0x38  Code  Gb  packbits_init_single.o [5]
__iar_program_start     0x0800222d         Code  Gb  cstartup_M.o [5]
__iar_unaligned___aeabi_memcpy
                        0x08001fd5         Code  Gb  ABImemcpy_unaligned.o [5]
__iar_unaligned___aeabi_memcpy4
                        0x08001ff5         Code  Gb  ABImemcpy_unaligned.o [5]
__iar_unaligned___aeabi_memcpy8
                        0x08001ff5         Code  Gb  ABImemcpy_unaligned.o [5]
__iar_unaligned___aeabi_memmove
                        0x080018e9         Code  Gb  ABImemmove_unaligned.o [5]
__iar_unaligned___aeabi_memmove4
                        0x080018e9         Code  Gb  ABImemmove_unaligned.o [5]
__iar_unaligned___aeabi_memmove8
                        0x080018e9         Code  Gb  ABImemmove_unaligned.o [5]
__iar_zero_init3        0x080020b1   0x40  Code  Gb  zero_init3.o [5]
__low_level_init        0x080021f3    0x4  Code  Gb  low_level_init.o [3]
__vector_table          0x08000000         Data  Gb  startup_stm32f429xx.o [1]
_call_main              0x080021e5         Code  Gb  cmain.o [5]
_exit                   0x080021fd         Code  Gb  cexit.o [5]
_main                   0x080021ef         Code  Gb  cmain.o [5]
bldata                  0x200009b9    0x1  Data  Gb  main.o [1]
ci                      0x20000098    0x1  Data  Gb  main.o [1]
ctemp                   0x20000034   0x64  Data  Gb  main.o [1]
exit                    0x080021f7    0x4  Code  Gb  exit.o [3]
fi                      0x20000aa8    0x4  Data  Gb  queue.o [1]
flag                    0x200009fc    0x4  Data  Gb  main.o [1]
fo                      0x20000ab0    0x4  Data  Gb  queue.o [1]
heth                    0x20000108   0x48  Data  Gb  main.o [1]
hpcd_USB_OTG_FS         0x20000150  0x3f0  Data  Gb  main.o [1]
huart2                  0x200009bc   0x40  Data  Gb  main.o [1]
huart3                  0x20000a00   0x40  Data  Gb  main.o [1]
huart6                  0x20000a40   0x40  Data  Gb  main.o [1]
istr_len                0x200000a0    0x1  Data  Gb  main.o [1]
itemp                   0x200000a4   0x64  Data  Gb  main.o [1]
main                    0x08000a49  0x1a4  Code  Gb  main.o [1]
pcdata                  0x200009b8    0x1  Data  Gb  main.o [1]
q_init                  0x0800186d    0xe  Code  Gb  queue.o [1]
qi                      0x20000a80   0x28  Data  Gb  queue.o [1]
qi_delete               0x080018af   0x22  Code  Gb  queue.o [1]
qi_empty                0x080018d1   0x12  Code  Gb  queue.o [1]
qi_insert               0x0800187b   0x34  Code  Gb  queue.o [1]
restart                 0x20000540    0x4  Data  Gb  main.o [1]
ri                      0x20000aac    0x4  Data  Gb  queue.o [1]
ro                      0x20000ab4    0x4  Data  Gb  queue.o [1]
stop                    0x2000009c    0x4  Data  Gb  main.o [1]
str_arr                 0x20000544   0x64  Data  Gb  main.o [1]
uwTick                  0x200005ac    0x4  Data  Gb  stm32f4xx_hal.o [1]
uwTickFreq              0x200005a8    0x1  Data  Gb  stm32f4xx_hal.o [1]
uwTickPrio              0x200005b0    0x4  Data  Gb  stm32f4xx_hal.o [1]


[1] = C:\Users\PanJun-Kim\Documents\CubeMX\bluset2\EWARM\bluset\Obj
[2] = command line
[3] = dl7M_tlf.a
[4] = m7M_tls.a
[5] = rt7M_tl.a
[6] = shb_l.a

  9 074 bytes of readonly  code memory
    136 bytes of readonly  data memory
  2 744 bytes of readwrite data memory

Errors: none
Warnings: none
